../Core/Src/main.c:76:10:read_ADC	16	static
../Core/Src/main.c:89:6:lcd_bit	24	static
../Core/Src/main.c:100:8:lcd_cmd	16	static
../Core/Src/main.c:105:8:lcd_data	16	static
../Core/Src/main.c:109:8:LCD_Init	8	static
../Core/Src/main.c:121:8:LCD_SetCursor	24	static
../Core/Src/main.c:133:8:LCD_Clear	8	static
../Core/Src/main.c:138:8:LCD_SetBacklight	16	static
../Core/Src/main.c:142:8:LCD_Print	16	static
../Core/Src/main.c:153:5:main	16	static
../Core/Src/main.c:357:6:SystemClock_Config	88	static
../Core/Src/main.c:403:13:MX_ADC1_Init	24	static
../Core/Src/main.c:450:13:MX_ADC2_Init	24	static
../Core/Src/main.c:497:13:MX_GPIO_Init	40	static
../Core/Src/main.c:557:6:Error_Handler	4	static,ignoring_inline_asm
